<?php if (true) {
	$a;
} else {echo 's'?>x<?php
}
