<?php
//passes: TwoCommandsInSameLine, AddMissingCurlyBraces, NormalizeLnAndLtrimLines, MergeParenCloseWithCurlyOpen, MergeCurlyCloseAndDoWhile, MergeDoubleArrowAndArray, ExtraCommaInArray, ResizeSpaces, Reindent, ReindentColonBlocks, ReindentLoopColonBlocks, ReindentIfColonBlocks, ReindentObjOps, OrderUseClauses, EliminateDuplicatedEmptyLines, AlignEquals, AlignDoubleArrow, LeftAlignComment, RTrim, AutoPreincrement

++${$a};
++${"a"};
++${$a};
"{$a}++";
"${a1}++";
"${a}++";
$this->a{++$b}(++$a);
$this->a{++$b}();
$this->a{--$b}(--$a);
$this->a{--$b}();
