<?php
//passes:MergeNamespaceWithOpenTag,NoSpaceAfterPHPDocBlocks
$a . $b;
